// Jest Snapshot v1, https://goo.gl/fbAQLP

exports[`Button Should render component correctly. 1`] = `
<button
  class="
        relative
        w-full
        rounded-lg
        transition
        hover:opacity-80
        disabled:cursor-not-allowed
        disabled:opacity-70
        bg-rose-500
        border-rose-500
        text-white
        text-md
        py-3
        font-semibold
        border-2
      "
>
  Airbnb
</button>
`;
