// Jest Snapshot v1, https://goo.gl/fbAQLP

exports[`Heading Should render component correctly. 1`] = `
<div
  aria-level="1"
  class="text-start"
  role="heading"
>
  <div
    class="text-2xl font-bold text-black dark:text-white"
  >
    Airbnb
  </div>
  <div
    class="mt-2 font-light text-neutral-500 dark:text-neutral-100"
  />
</div>
`;
